===== KEY METRICS (single-thread, OMP_NUM_THREADS=1) =====
offline_parameter_commit_time_sec: 14.1717
online_prover_time_sec: 60.348079
proof_size_kb: 307.531250
verifier_time_sec: 0.079703
----- details -----
online_prover_gkr_only_sec: 58.589675
poly_prover_time_sec_includes_commit: 15.930104
total_prover_time_sec: 74.519779
note: online_prover_time = Prove Time (Total) - commit time
=====
=== vgg11 single-thread experiment ===
OMP_NUM_THREADS=1
host=arm64 date_start=Sun Aug 23 17:40:55 CST 2026
kernel weight:        1728       1728
bias   weight:          64       1792
kernel weight:       73728      75520
bias   weight:         128      75648
kernel weight:      294912     370560
bias   weight:         256     370816
kernel weight:      589824     960640
bias   weight:         256     960896
kernel weight:     1179648    2140544
bias   weight:         512    2141056
kernel weight:     2359296    4500352
bias   weight:         512    4500864
kernel weight:     2359296    6860160
bias   weight:         512    6860672
kernel weight:     2359296    9219968
bias   weight:         512    9220480
kernel weight:      262144    9482624
bias   weight:         512    9483136
kernel weight:      262144    9745280
bias   weight:         512    9745792
kernel weight:        5120    9750912
bias   weight:          10    9750922
SIZE: 37
20657546 (2^25) = 9753994 (47.22% data) + 1658880 (8.03% relu) + 0 (0.00% ave) + 9244672 (44.75% max), begin subset init.
begin subset finish.
finish creating circuit.
commit time: 14.1717
Verification Pass, semi final, circuit level 36
13841235965600946892491862006338863367575968033636337044993894773832286352019 28925590276522261434294311806553877120457166615647448967063551451561364726262
Verification fail, semi final, circuit level 35
Verification Pass, semi final, circuit level 34
21241586032838958970771081346671156246062662323659482237185365984265331798772 15452110309416055200404541428403698190772937037194516564951259661549151698810
Verification fail, semi final, circuit level 33
Verification Pass, semi final, circuit level 32
38638085164694374196173920410053138839571651474244013399991715148330695674580 41805678938037262199617152047339479332643282909325166464357300609265357359013
Verification fail, semi final, circuit level 31
Verification Pass, semi final, circuit level 30
20175880552873160910132481319772810897721163659957606493587771274475480332585 46962169301766672440090491880003326683655460902492788610635111110403418311950
Verification fail, semi final, circuit level 29
33833218521109080765725158717630455616835803488321767254386216319408713472517 25237595181899227474158282205061140743393554733827426060221815252537995273114
Verification fail, semi final, circuit level 28
Verification Pass, semi final, circuit level 27
5709004619658527296084333685103822199261697914787414966190870645201290290798 5316769728380486852403415260764423511990101604371688564888827151363593475851
Verification fail, semi final, circuit level 26
Verification Pass, semi final, circuit level 25
48055102584345242175801827807928708803661091872000771384345298728873902558932 30105161603376249099983927071999627473471063690613394530195304382628752807860
Verification fail, semi final, circuit level 24
Verification Pass, semi final, circuit level 23
41836637215886234583983931905140559426398665981030278676328580938941262279088 41141466796787920173744363790274780303159225106370803584864636953657962797915
Verification fail, semi final, circuit level 22
18862992948555644394313861632122030673762943090915025496000899865288899078685 49224730815003559692752459292371392082742832316547610441756045435037150510729
Verification fail, semi final, circuit level 21
Verification Pass, semi final, circuit level 20
15250469095889915591189570565191337658225073838943224682085394507051309192531 8404236793416557362540321600976428054970553793896292570204989489686820942284
Verification fail, semi final, circuit level 19
Verification Pass, semi final, circuit level 18
24725958426515338656816075031750606113939991923505182142738406162894439893300 35586353914180974652880042296374659175908444629821939479036995090679211372456
Verification fail, semi final, circuit level 17
Verification Pass, semi final, circuit level 16
21024236496697541971670194441649501399302960739927607700861218696113953840723 25691625729898836034134156404308839308813459108544364542165232929355715115441
Verification fail, semi final, circuit level 15
41533738870110270014918562234407826207925333758813318616583387401645202125568 42903400138312636897958527432279315324904389456302036544452982782544230859008
Verification fail, semi final, circuit level 14
Verification Pass, semi final, circuit level 13
35941608317621351865622183069908598900393645698216772752027916808437787037852 51860820591535400888060125963726468734392205729831030040801265737325926622444
Verification fail, semi final, circuit level 12
Verification Pass, semi final, circuit level 11
1317054813368174178638479999550657706859463803042528532147456038148136057357 51954311038973290282718144176031711732629794022129409090824558226800777816028
Verification fail, semi final, circuit level 10
Verification Pass, semi final, circuit level 9
22912108175736219711769273706440050979758658724210542404493723892065904548428 4467962898432930545244122816049404781810348896576938248456178866920453992033
Verification fail, semi final, circuit level 8
17738786790320103761297135644821281006080264363426757883597939664642306476089 50944951074722249226737523882311174711300874145737003475493796749838327514075
Verification fail, semi final, circuit level 7
Verification Pass, semi final, circuit level 6
43048490919285788327602150336495109459499473977127642894146894714600006279768 7996533562449835997987685817788103832771942121127746947186509548581145857913
Verification fail, semi final, circuit level 5
Verification Pass, semi final, circuit level 4
19867697695858864033103259529358501883502009694147582791414703922279321633555 23218107555236626378171250315440457416703062220379214041888903082121202712835
Verification fail, semi final, circuit level 3
20011025631617101409038511745577001868385056256730187648351550311968311968764 25965763589427659239412343007999924322952545346926239319909435586656079243985
Verification fail, semi final, circuit level 2
Verification Pass, semi final, circuit level 1
verifyInnerLayers finished, result=0
verifyFirstLayer finished, result=1
verifyInput start
Poly commit for 2^25 input.
bulletProve time: 0.0887
verifyInput end, result=1
verifyInput finished, result=1
Final Verification fail
Prove Time (GKR only): 58.589675
Prove Time (Poly only): 15.930104
Prove Time (Total): 74.519779
Proof Size (GKR only): 113.468750 kb
Proof Size (Poly only): 194.062500 kb
Proof Size (Total): 307.531250 kb
Verify Time (GKR only): 0.044538
Verify Time (Poly only): 0.035165
Verify Time (Total): 0.079703
vgg (relu), , , 1, , , 20657546(2^25), 58.5897, 0.0445, 113.4688, 15.9301, 0.0352, 194.0625, 74.5198, 0.0797, 307.5312, 
date_end=Sun Aug 23 17:42:53 CST 2026
exit=0
